already fixed: scripts/backtest_strategy_management_combinations.py
already fixed: scripts/backtest_strategy_management_combinations.py
already fixed: scripts/merge_matrix_shards.py
already fixed: scripts/merge_matrix_shards.py
already fixed: scripts/audit_matrix_results.py
already fixed: scripts/audit_matrix_results.py
already fixed: scripts/audit_matrix_results.py
already fixed: scripts/research_portfolio_allocation.py
already fixed: scripts/research_portfolio_allocation.py
already fixed: b3_strategy_lab/realistic_portfolio.py
already fixed: b3_strategy_lab/realistic_portfolio.py
already fixed: b3_strategy_lab/realistic_portfolio.py
already fixed: b3_strategy_lab/realistic_portfolio.py
already fixed: scripts/backtest_strategy_management_realistic.py
already fixed: scripts/backtest_strategy_management_realistic.py
already fixed: scripts/walk_forward_realistic.py
already fixed: scripts/walk_forward_realistic.py
already fixed: scripts/walk_forward_realistic.py
already fixed: scripts/walk_forward_realistic.py
already fixed: scripts/walk_forward_realistic.py
already fixed: scripts/walk_forward_realistic.py
already fixed: scripts/walk_forward_realistic.py
already fixed: scripts/walk_forward_realistic.py
already fixed: scripts/walk_forward_realistic.py
already fixed: scripts/run_realistic_pipeline.py
already fixed: scripts/run_realistic_pipeline.py
already fixed: tests/test_execution_hardening.py
source hardening complete
fixed: b3_strategy_lab/extended_strategies.py
fixed: b3_strategy_lab/extended_strategies.py
fixed: tests/test_extended_strategies.py
fixed: tests/test_extended_strategies.py
Halloween causality fix complete
